// Jest Snapshot v1, https://goo.gl/fbAQLP

exports[`NavigationButton should render correctly 1`] = `
<FlatButton
  disabled={false}
  fullWidth={false}
  label="go to about page via redux"
  labelPosition="after"
  labelStyle={Object {}}
  onClick={
    Object {
      "payload": Object {
        "args": Array [
          "/about-us",
        ],
        "method": "push",
      },
      "type": "@@router/CALL_HISTORY_METHOD",
    }
  }
  onKeyboardFocus={[Function]}
  onMouseEnter={[Function]}
  onMouseLeave={[Function]}
  onTouchStart={[Function]}
  primary={true}
  secondary={false}
  style={
    Object {
      "width": "100%",
    }
  }
/>
`;
